// Jest Snapshot v1, https://goo.gl/fbAQLP

exports[`Button renders correctly 1`] = `
<a
  className="block cursor-pointer font-medium outline-none focus:outline-none hover:outline-none active:outline-none overflow-hidden text-center tracking-wide transition active:shadow-sm duration-200 ring-1 ring-offset-1 focus:ring-1 focus:ring-offset-1 hover:ring-1 hover:ring-offset-1 active:ring-1 active:ring-offset-1 px-6 py-2 rounded-full shadow-lg shadow-purple-300/50 transform hover:-translate-y-0.5 focus:-translate-y-0.5 active:translate-y-0.5 ease-in-out active:ring-offset-purple-700 active:ring-purple-200 active:ring-opacity-75 hover:ring-offset-purple-700 hover:ring-purple-200 hover:ring-opacity-75 focus:ring-offset-purple-700 focus:ring-purple-200 focus:ring-opacity-75 ring-offset-purple-300 ring-purple-200 ring-opacity-75 bg-purple-50 text-purple-600 w-full"
  href="/about"
  role="link"
  title="Learn more about me"
>
  Learn more about me  
  <i
    className="far fa-chevron-right"
  />
</a>
`;

exports[`Button renders correctly 2`] = `
<a
  className="block cursor-pointer font-medium outline-none focus:outline-none hover:outline-none active:outline-none overflow-hidden text-center tracking-wide transition active:shadow-sm duration-200 ring-1 ring-offset-1 focus:ring-1 focus:ring-offset-1 hover:ring-1 hover:ring-offset-1 active:ring-1 active:ring-offset-1 px-6 py-2 rounded-full shadow-lg shadow-purple-300/50 transform hover:-translate-y-0.5 focus:-translate-y-0.5 active:translate-y-0.5 ease-in-out active:ring-offset-purple-700 active:ring-purple-200 active:ring-opacity-75 hover:ring-offset-purple-700 hover:ring-purple-200 hover:ring-opacity-75 focus:ring-offset-purple-700 focus:ring-purple-200 focus:ring-opacity-75 ring-offset-purple-300 ring-purple-200 ring-opacity-75 bg-purple-50 text-purple-600 w-full"
  href="/about"
  role="link"
  title="Learn more about me"
>
  Learn more about me  
  <i
    className="far fa-chevron-right"
  />
</a>
`;

exports[`Button renders correctly 3`] = `
<a
  className="block cursor-pointer font-medium outline-none focus:outline-none hover:outline-none active:outline-none overflow-hidden text-center tracking-wide transition border-b-2 border-transparent ease-in-out text-purple-700 transform hover:border-purple-700 focus:border-purple-700 active:border-purple-700 mt-6 w-max"
  href="/"
  role="link"
  title="Return to homepage"
>
  <i
    className="fas fa-arrow-left"
  />
    Return to homepage
</a>
`;
